// Jest Snapshot v1, https://goo.gl/fbAQLP

exports[`App component renders the App 1`] = `
<h1>
  starter
</h1>
`;
