// Jest Snapshot v1, https://goo.gl/fbAQLP

exports[`Note component renders the Note app 1`] = `
<section>
  <styled.p>
    note
  </styled.p>
  <p />
  <styled.button
    onClick={[Function]}
  >
    Delete This Note
  </styled.button>
</section>
`;
